###############################################################################
#
# IAR ELF Linker V8.32.1.169/W32 for ARM                  16/Nov/2018  20:43:46
# Copyright 2007-2018 IAR Systems AB.
#
#    Output file  =  
#        C:\Users\lab\Documents\st\thyristor\EWARM\thyristor\Exe\thyristor.out
#    Map file     =  
#        C:\Users\lab\Documents\st\thyristor\EWARM\thyristor\List\thyristor.map
#    Command line =  
#        -f C:\Users\lab\AppData\Local\Temp\EW3DEE.tmp
#        (C:\Users\lab\Documents\st\thyristor\EWARM\thyristor\Obj\main.o
#        C:\Users\lab\Documents\st\thyristor\EWARM\thyristor\Obj\startup_stm32f103xb.o
#        C:\Users\lab\Documents\st\thyristor\EWARM\thyristor\Obj\stm32f1xx_hal.o
#        C:\Users\lab\Documents\st\thyristor\EWARM\thyristor\Obj\stm32f1xx_hal_cortex.o
#        C:\Users\lab\Documents\st\thyristor\EWARM\thyristor\Obj\stm32f1xx_hal_dma.o
#        C:\Users\lab\Documents\st\thyristor\EWARM\thyristor\Obj\stm32f1xx_hal_flash.o
#        C:\Users\lab\Documents\st\thyristor\EWARM\thyristor\Obj\stm32f1xx_hal_flash_ex.o
#        C:\Users\lab\Documents\st\thyristor\EWARM\thyristor\Obj\stm32f1xx_hal_gpio.o
#        C:\Users\lab\Documents\st\thyristor\EWARM\thyristor\Obj\stm32f1xx_hal_gpio_ex.o
#        C:\Users\lab\Documents\st\thyristor\EWARM\thyristor\Obj\stm32f1xx_hal_msp.o
#        C:\Users\lab\Documents\st\thyristor\EWARM\thyristor\Obj\stm32f1xx_hal_pwr.o
#        C:\Users\lab\Documents\st\thyristor\EWARM\thyristor\Obj\stm32f1xx_hal_rcc.o
#        C:\Users\lab\Documents\st\thyristor\EWARM\thyristor\Obj\stm32f1xx_hal_rcc_ex.o
#        C:\Users\lab\Documents\st\thyristor\EWARM\thyristor\Obj\stm32f1xx_hal_tim.o
#        C:\Users\lab\Documents\st\thyristor\EWARM\thyristor\Obj\stm32f1xx_hal_tim_ex.o
#        C:\Users\lab\Documents\st\thyristor\EWARM\thyristor\Obj\stm32f1xx_hal_uart.o
#        C:\Users\lab\Documents\st\thyristor\EWARM\thyristor\Obj\stm32f1xx_it.o
#        C:\Users\lab\Documents\st\thyristor\EWARM\thyristor\Obj\system_stm32f1xx.o
#        --redirect _Printf=_PrintfFull --redirect _Scanf=_ScanfFull
#        --no_out_extension -o
#        C:\Users\lab\Documents\st\thyristor\EWARM\thyristor\Exe\thyristor.out
#        --map
#        C:\Users\lab\Documents\st\thyristor\EWARM\thyristor\List\thyristor.map
#        --config
#        C:\Users\lab\Documents\st\thyristor\EWARM/stm32f103xb_flash.icf
#        --semihosting --entry __iar_program_start --vfe --text_out locale)
#
###############################################################################

*******************************************************************************
*** RUNTIME MODEL ATTRIBUTES
***

CppFlavor       = *
__SystemLibrary = DLib
__dlib_version  = 6


*******************************************************************************
*** HEAP SELECTION
***

The basic heap was selected because some modules are built with
size limitations (and not runtime checking), and --advanced_heap
was not specified.


*******************************************************************************
*** PLACEMENT SUMMARY
***

"A0":  place at 0x800'0000 { ro section .intvec };
"P1":  place in [from 0x800'0000 to 0x801'ffff] { ro };
define block CSTACK with size = 1K, alignment = 8 { };
define block HEAP with size = 512, alignment = 8 { };
"P2":  place in [from 0x2000'0000 to 0x2000'4fff] {
          rw, block CSTACK, block HEAP };
initialize by copy { rw };

  Section            Kind         Address    Size  Object
  -------            ----         -------    ----  ------
"A0":                                        0xec
  .intvec            ro code   0x800'0000    0xec  startup_stm32f103xb.o [1]
                             - 0x800'00ec    0xec

"P1":                                      0x119d
  .text              ro code   0x800'00ec   0x4da  stm32f1xx_hal_rcc.o [1]
  .text              ro code   0x800'05c8     0xc  stm32f1xx_hal.o [1]
  .text              ro code   0x800'05d4    0x40  stm32f1xx_hal.o [1]
  .text              ro code   0x800'0614    0xe2  stm32f1xx_hal_cortex.o [1]
  .text              ro code   0x800'06f8   0x270  main.o [1]
  .text              ro code   0x800'0968    0x24  stm32f1xx_hal.o [1]
  .text              ro code   0x800'098c   0x164  stm32f1xx_hal_uart.o [1]
  .text              ro code   0x800'0af0   0x234  stm32f1xx_hal_tim.o [1]
  .text              ro code   0x800'0d24    0x4a  stm32f1xx_hal_tim_ex.o [1]
  .text              ro code   0x800'0d70   0x1d4  stm32f1xx_hal_gpio.o [1]
  .text              ro code   0x800'0f44   0x11c  stm32f1xx_hal_msp.o [1]
  .text              ro code   0x800'1060    0x5c  system_stm32f1xx.o [1]
  .text              ro code   0x800'10bc    0x38  packbits_init_single.o [3]
  .text              ro code   0x800'10f4    0x28  data_init.o [3]
  .text              ro code   0x800'111c    0x24  stm32f1xx_it.o [1]
  .text              ro code   0x800'1140    0x10  stm32f1xx_hal.o [1]
  .iar.init_table    const     0x800'1150    0x10  - Linker created -
  .text              ro code   0x800'1160    0x1e  cmain.o [3]
  .text              ro code   0x800'117e     0x4  low_level_init.o [2]
  .text              ro code   0x800'1182     0x4  exit.o [2]
  .text              ro code   0x800'1188     0xa  cexit.o [3]
  .text              ro code   0x800'1194    0x14  exit.o [4]
  .text              ro code   0x800'11a8    0x10  startup_stm32f103xb.o [1]
  .text              ro code   0x800'11b8     0xc  cstartup_M.o [3]
  .rodata            const     0x800'11c4     0x8  system_stm32f1xx.o [1]
  .text              ro code   0x800'11cc     0x4  startup_stm32f103xb.o [1]
  .text              ro code   0x800'11d0     0x4  startup_stm32f103xb.o [1]
  .text              ro code   0x800'11d4     0x4  startup_stm32f103xb.o [1]
  .text              ro code   0x800'11d8     0x4  startup_stm32f103xb.o [1]
  .text              ro code   0x800'11dc     0x4  startup_stm32f103xb.o [1]
  .text              ro code   0x800'11e0     0x4  startup_stm32f103xb.o [1]
  .text              ro code   0x800'11e4     0x4  startup_stm32f103xb.o [1]
  .text              ro code   0x800'11e8     0x4  startup_stm32f103xb.o [1]
  .text              ro code   0x800'11ec     0x4  startup_stm32f103xb.o [1]
  .text              ro code   0x800'11f0     0x4  startup_stm32f103xb.o [1]
  .text              ro code   0x800'11f4     0x4  startup_stm32f103xb.o [1]
  .text              ro code   0x800'11f8     0x4  startup_stm32f103xb.o [1]
  .text              ro code   0x800'11fc     0x4  startup_stm32f103xb.o [1]
  .text              ro code   0x800'1200     0x4  startup_stm32f103xb.o [1]
  .text              ro code   0x800'1204     0x4  startup_stm32f103xb.o [1]
  .text              ro code   0x800'1208     0x4  startup_stm32f103xb.o [1]
  .text              ro code   0x800'120c     0x4  startup_stm32f103xb.o [1]
  .text              ro code   0x800'1210     0x4  startup_stm32f103xb.o [1]
  .text              ro code   0x800'1214     0x4  startup_stm32f103xb.o [1]
  .text              ro code   0x800'1218     0x4  startup_stm32f103xb.o [1]
  .text              ro code   0x800'121c     0x4  startup_stm32f103xb.o [1]
  .text              ro code   0x800'1220     0x4  startup_stm32f103xb.o [1]
  .text              ro code   0x800'1224     0x4  startup_stm32f103xb.o [1]
  .text              ro code   0x800'1228     0x4  startup_stm32f103xb.o [1]
  .text              ro code   0x800'122c     0x4  startup_stm32f103xb.o [1]
  .text              ro code   0x800'1230     0x4  startup_stm32f103xb.o [1]
  .text              ro code   0x800'1234     0x4  startup_stm32f103xb.o [1]
  .text              ro code   0x800'1238     0x4  startup_stm32f103xb.o [1]
  .text              ro code   0x800'123c     0x4  startup_stm32f103xb.o [1]
  .text              ro code   0x800'1240     0x4  startup_stm32f103xb.o [1]
  .text              ro code   0x800'1244     0x4  startup_stm32f103xb.o [1]
  .text              ro code   0x800'1248     0x4  startup_stm32f103xb.o [1]
  .text              ro code   0x800'124c     0x4  startup_stm32f103xb.o [1]
  .text              ro code   0x800'1250     0x4  startup_stm32f103xb.o [1]
  .text              ro code   0x800'1254     0x4  startup_stm32f103xb.o [1]
  .text              ro code   0x800'1258     0x4  startup_stm32f103xb.o [1]
  .text              ro code   0x800'125c     0x4  startup_stm32f103xb.o [1]
  .text              ro code   0x800'1260     0x4  startup_stm32f103xb.o [1]
  .text              ro code   0x800'1264     0x4  startup_stm32f103xb.o [1]
  .text              ro code   0x800'1268     0x4  startup_stm32f103xb.o [1]
  .text              ro code   0x800'126c     0x4  startup_stm32f103xb.o [1]
  .text              ro code   0x800'1270     0x4  startup_stm32f103xb.o [1]
  .rodata            const     0x800'1274     0x0  packbits_init_single.o [3]
  Initializer bytes  const     0x800'1274    0x15  <for P2-1>
                             - 0x800'1289  0x119d

"P2", part 1 of 2:                           0xa0
  P2-1                        0x2000'0000    0xa0  <Init block>
    .data            inited   0x2000'0000    0x84  main.o [1]
    .data            inited   0x2000'0084     0xc  stm32f1xx_hal.o [1]
    .data            inited   0x2000'0090     0x4  system_stm32f1xx.o [1]
    .bss             inited   0x2000'0094     0x4  main.o [1]
    .bss             inited   0x2000'0098     0x4  main.o [1]
    .bss             inited   0x2000'009c     0x4  main.o [1]
                            - 0x2000'00a0    0xa0

"P2", part 2 of 2:                          0x400
  CSTACK                      0x2000'00a0   0x400  <Block>
    CSTACK           uninit   0x2000'00a0   0x400  <Block tail>
                            - 0x2000'04a0   0x400

Unused ranges:

         From           To      Size
         ----           --      ----
   0x800'1289   0x801'ffff  0x1'ed77
  0x2000'04a0  0x2000'4fff    0x4b60


*******************************************************************************
*** INIT TABLE
***

          Address      Size
          -------      ----
Copy/packbits (__iar_packbits_init_single3)
    1 source range, total size 0x15 (13% of destination):
           0x800'1274  0x15
    1 destination range, total size 0xa0:
          0x2000'0000  0xa0



*******************************************************************************
*** MODULE SUMMARY
***

    Module                  ro code  ro data  rw data
    ------                  -------  -------  -------
command line/config:
    -------------------------------------------------
    Total:

C:\Users\lab\Documents\st\thyristor\EWARM\thyristor\Obj: [1]
    main.o                      624       19      144
    startup_stm32f103xb.o       420
    stm32f1xx_hal.o             128        1       12
    stm32f1xx_hal_cortex.o      226
    stm32f1xx_hal_gpio.o        468
    stm32f1xx_hal_msp.o         284
    stm32f1xx_hal_rcc.o       1 242
    stm32f1xx_hal_tim.o         564
    stm32f1xx_hal_tim_ex.o       74
    stm32f1xx_hal_uart.o        356
    stm32f1xx_it.o               36
    system_stm32f1xx.o           92        9        4
    -------------------------------------------------
    Total:                    4 514       29      160

dl7M_tlf.a: [2]
    exit.o                        4
    low_level_init.o              4
    -------------------------------------------------
    Total:                        8

rt7M_tl.a: [3]
    cexit.o                      10
    cmain.o                      30
    cstartup_M.o                 12
    data_init.o                  40
    packbits_init_single.o       56
    -------------------------------------------------
    Total:                      148

shb_l.a: [4]
    exit.o                       20
    -------------------------------------------------
    Total:                       20

    Gaps                         10
    Linker created                        16    1 024
-----------------------------------------------------
    Grand Total:              4 700       45    1 184


*******************************************************************************
*** ENTRY LIST
***

Entry                       Address   Size  Type      Object
-----                       -------   ----  ----      ------
.iar.init_table$$Base    0x800'1150          --   Gb  - Linker created -
.iar.init_table$$Limit   0x800'1160          --   Gb  - Linker created -
?main                    0x800'1161         Code  Gb  cmain.o [3]
AHBPrescTable            0x800'10ac   0x10  Data  Gb  system_stm32f1xx.o [1]
APBPrescTable            0x800'11c4    0x8  Data  Gb  system_stm32f1xx.o [1]
BusFault_Handler         0x800'1123    0x2  Code  Gb  stm32f1xx_it.o [1]
CSTACK$$Base            0x2000'00a0          --   Gb  - Linker created -
CSTACK$$Limit           0x2000'04a0          --   Gb  - Linker created -
DebugMon_Handler         0x800'1129    0x2  Code  Gb  stm32f1xx_it.o [1]
EXTI4_IRQHandler         0x800'113b    0x6  Code  Gb  stm32f1xx_it.o [1]
HAL_GPIO_EXTI_Callback   0x800'0915   0x24  Code  Gb  main.o [1]
HAL_GPIO_EXTI_IRQHandler
                         0x800'0efb   0x10  Code  Gb  stm32f1xx_hal_gpio.o [1]
HAL_GPIO_Init            0x800'0d71  0x182  Code  Gb  stm32f1xx_hal_gpio.o [1]
HAL_GPIO_WritePin        0x800'0ef3    0x8  Code  Gb  stm32f1xx_hal_gpio.o [1]
HAL_GetTick              0x800'05c9    0xc  Code  Wk  stm32f1xx_hal.o [1]
HAL_IncTick              0x800'1141   0x10  Code  Wk  stm32f1xx_hal.o [1]
HAL_Init                 0x800'0969   0x20  Code  Gb  stm32f1xx_hal.o [1]
HAL_InitTick             0x800'05d5   0x40  Code  Wk  stm32f1xx_hal.o [1]
HAL_MspInit              0x800'0f45   0x92  Code  Gb  stm32f1xx_hal_msp.o [1]
HAL_NVIC_EnableIRQ       0x800'0683    0xa  Code  Gb  stm32f1xx_hal_cortex.o [1]
HAL_NVIC_SetPriority     0x800'0649   0x3a  Code  Gb  stm32f1xx_hal_cortex.o [1]
HAL_NVIC_SetPriorityGrouping
                         0x800'062f   0x1a  Code  Gb  stm32f1xx_hal_cortex.o [1]
HAL_RCC_ClockConfig      0x800'0405  0x10a  Code  Gb  stm32f1xx_hal_rcc.o [1]
HAL_RCC_GetHCLKFreq      0x800'055f    0x6  Code  Gb  stm32f1xx_hal_rcc.o [1]
HAL_RCC_GetPCLK1Freq     0x800'0565   0x10  Code  Gb  stm32f1xx_hal_rcc.o [1]
HAL_RCC_GetPCLK2Freq     0x800'0575    0xe  Code  Gb  stm32f1xx_hal_rcc.o [1]
HAL_RCC_GetSysClockFreq
                         0x800'0525   0x3a  Code  Gb  stm32f1xx_hal_rcc.o [1]
HAL_RCC_GetSysClockFreq::aPLLMULFactorTable
                         0x800'05b4   0x10  Data  Lc  stm32f1xx_hal_rcc.o [1]
HAL_RCC_GetSysClockFreq::aPredivFactorTable
                         0x800'05c4    0x2  Data  Lc  stm32f1xx_hal_rcc.o [1]
HAL_RCC_OscConfig        0x800'00ed  0x310  Code  Gb  stm32f1xx_hal_rcc.o [1]
HAL_SYSTICK_CLKSourceConfig
                         0x800'06bf   0x1a  Code  Gb  stm32f1xx_hal_cortex.o [1]
HAL_SYSTICK_Config       0x800'0697   0x28  Code  Gb  stm32f1xx_hal_cortex.o [1]
HAL_SYSTICK_IRQHandler   0x800'06f1    0x4  Code  Gb  stm32f1xx_hal_cortex.o [1]
HAL_TIMEx_MasterConfigSynchronization
                         0x800'0d25   0x4a  Code  Gb  stm32f1xx_hal_tim_ex.o [1]
HAL_TIM_Base_Init        0x800'0af1   0x1a  Code  Gb  stm32f1xx_hal_tim.o [1]
HAL_TIM_Base_MspInit     0x800'0fd7   0x22  Code  Gb  stm32f1xx_hal_msp.o [1]
HAL_TIM_Base_Start       0x800'0b0b   0x12  Code  Gb  stm32f1xx_hal_tim.o [1]
HAL_TIM_Base_Stop        0x800'0b1d   0x1c  Code  Gb  stm32f1xx_hal_tim.o [1]
HAL_TIM_ConfigClockSource
                         0x800'0b71   0xac  Code  Gb  stm32f1xx_hal_tim.o [1]
HAL_UART_Init            0x800'098d   0x1e  Code  Gb  stm32f1xx_hal_uart.o [1]
HAL_UART_MspInit         0x800'0ff9   0x52  Code  Gb  stm32f1xx_hal_msp.o [1]
HardFault_Handler        0x800'111f    0x2  Code  Gb  stm32f1xx_it.o [1]
MX_GPIO_Init             0x800'081b   0x96  Code  Lc  main.o [1]
MX_TIM1_Init             0x800'07c5   0x56  Code  Lc  main.o [1]
MemManage_Handler        0x800'1121    0x2  Code  Gb  stm32f1xx_it.o [1]
NMI_Handler              0x800'111d    0x2  Code  Gb  stm32f1xx_it.o [1]
NVIC_SetPriority         0x800'0615   0x1a  Code  Lc  stm32f1xx_hal_cortex.o [1]
PendSV_Handler           0x800'112b    0x2  Code  Gb  stm32f1xx_it.o [1]
Region$$Table$$Base      0x800'1150          --   Gb  - Linker created -
Region$$Table$$Limit     0x800'1160          --   Gb  - Linker created -
SVC_Handler              0x800'1127    0x2  Code  Gb  stm32f1xx_it.o [1]
SysTick_Handler          0x800'112d    0xe  Code  Gb  stm32f1xx_it.o [1]
SystemClock_Config       0x800'0755   0x70  Code  Gb  main.o [1]
SystemCoreClock         0x2000'0090    0x4  Data  Gb  system_stm32f1xx.o [1]
SystemInit               0x800'1061   0x3c  Code  Gb  system_stm32f1xx.o [1]
TIM_Base_SetConfig       0x800'0c47   0x5e  Code  Gb  stm32f1xx_hal_tim.o [1]
TIM_ETR_SetConfig        0x800'0d0b   0x14  Code  Lc  stm32f1xx_hal_tim.o [1]
TIM_ITRx_SetConfig       0x800'0cfb   0x10  Code  Lc  stm32f1xx_hal_tim.o [1]
TIM_TI1_ConfigInputStage
                         0x800'0cb9   0x1e  Code  Lc  stm32f1xx_hal_tim.o [1]
TIM_TI2_ConfigInputStage
                         0x800'0cd7   0x24  Code  Lc  stm32f1xx_hal_tim.o [1]
UART_SetConfig           0x800'0a03   0xe4  Code  Lc  stm32f1xx_hal_uart.o [1]
UsageFault_Handler       0x800'1125    0x2  Code  Gb  stm32f1xx_it.o [1]
__cmain                  0x800'1161         Code  Gb  cmain.o [3]
__exit                   0x800'1195   0x14  Code  Gb  exit.o [4]
__iar_data_init3         0x800'10f5   0x28  Code  Gb  data_init.o [3]
__iar_packbits_init_single3
                         0x800'10bd   0x38  Code  Gb  packbits_init_single.o [3]
__iar_program_start      0x800'11b9         Code  Gb  cstartup_M.o [3]
__low_level_init         0x800'117f    0x4  Code  Gb  low_level_init.o [2]
__vector_table           0x800'0000         Data  Gb  startup_stm32f103xb.o [1]
_call_main               0x800'116d         Code  Gb  cmain.o [3]
_exit                    0x800'1189         Code  Gb  cexit.o [3]
_main                    0x800'117b         Code  Gb  cmain.o [3]
cnt_gpio_int            0x2000'009c    0x4  Data  Gb  main.o [1]
exit                     0x800'1183    0x4  Code  Gb  exit.o [2]
htim1                   0x2000'0040   0x40  Data  Gb  main.o [1]
huart1                  0x2000'0000   0x40  Data  Gb  main.o [1]
main                     0x800'06f9   0x5c  Code  Gb  main.o [1]
on_thy_1_2               0x800'08d3   0x1c  Code  Gb  main.o [1]
on_thy_3_1               0x800'08ef   0x1a  Code  Gb  main.o [1]
t_us                    0x2000'0080    0x4  Data  Gb  main.o [1]
thy_1_2_on              0x2000'0094    0x4  Data  Gb  main.o [1]
thy_3_1_on              0x2000'0098    0x4  Data  Gb  main.o [1]
uwTick                  0x2000'0088    0x4  Data  Gb  stm32f1xx_hal.o [1]
uwTickFreq              0x2000'0084    0x1  Data  Gb  stm32f1xx_hal.o [1]
uwTickPrio              0x2000'008c    0x4  Data  Gb  stm32f1xx_hal.o [1]


[1] = C:\Users\lab\Documents\st\thyristor\EWARM\thyristor\Obj
[2] = dl7M_tlf.a
[3] = rt7M_tl.a
[4] = shb_l.a

  4 700 bytes of readonly  code memory
     45 bytes of readonly  data memory
  1 184 bytes of readwrite data memory

Errors: none
Warnings: none
